[INFO] [0000026771.218108096] [chassis_node]: Real chassis on vcan77
[INFO] [0000026771.373645184] [chassis_node]: chassis_node started (loop 50 Hz, min_rev 0.0, gear_ratio 5.0, v_max 1.5, safety_required=True, authority_enabled=True, contract_v2_verified=False, arm_gate_mode=production)
[WARN] [0000026773.320488576] [chassis_node]: authority request MANUAL accepted: mode=TELEOP; neutral confirmation required; state=TELEOP
set() 무시: ARMED/EXTRACTION 아님 (mode=IDLE)
set() 무시: ARMED/EXTRACTION 아님 (mode=IDLE)
[INFO] [0000026773.376289280] [chassis_node]: arm status mission=0 status=STOWED_LOCKED
set() 무시: ARMED/EXTRACTION 아님 (mode=IDLE)
set() 무시: ARMED/EXTRACTION 아님 (mode=IDLE)
set() 무시: ARMED/EXTRACTION 아님 (mode=IDLE)
set() 무시: ARMED/EXTRACTION 아님 (mode=IDLE)
set() 무시: ARMED/EXTRACTION 아님 (mode=IDLE)
set() 무시: ARMED/EXTRACTION 아님 (mode=IDLE)
set() 무시: ARMED/EXTRACTION 아님 (mode=IDLE)
set() 무시: ARMED/EXTRACTION 아님 (mode=IDLE)
set() 무시: ARMED/EXTRACTION 아님 (mode=IDLE)
set() 무시: ARMED/EXTRACTION 아님 (mode=IDLE)
set() 무시: ARMED/EXTRACTION 아님 (mode=IDLE)
[INFO] [0000026773.591279872] [chassis_node]: arm request: mode=ARMED
[WARN] [0000026773.753214976] [chassis_node]: console E-stop latched
set() 무시: ARMED/EXTRACTION 아님 (mode=ESTOP)
set() 무시: ARMED/EXTRACTION 아님 (mode=ESTOP)
set() 무시: ARMED/EXTRACTION 아님 (mode=ESTOP)
set() 무시: ARMED/EXTRACTION 아님 (mode=ESTOP)
set() 무시: ARMED/EXTRACTION 아님 (mode=ESTOP)
set() 무시: ARMED/EXTRACTION 아님 (mode=ESTOP)
set() 무시: ARMED/EXTRACTION 아님 (mode=ESTOP)
set() 무시: ARMED/EXTRACTION 아님 (mode=ESTOP)
set() 무시: ARMED/EXTRACTION 아님 (mode=ESTOP)
set() 무시: ARMED/EXTRACTION 아님 (mode=ESTOP)
set() 무시: ARMED/EXTRACTION 아님 (mode=ESTOP)
set() 무시: ARMED/EXTRACTION 아님 (mode=ESTOP)
set() 무시: ARMED/EXTRACTION 아님 (mode=ESTOP)
set() 무시: ARMED/EXTRACTION 아님 (mode=ESTOP)
set() 무시: ARMED/EXTRACTION 아님 (mode=ESTOP)
set() 무시: ARMED/EXTRACTION 아님 (mode=ESTOP)
set() 무시: ARMED/EXTRACTION 아님 (mode=ESTOP)
set() 무시: ARMED/EXTRACTION 아님 (mode=ESTOP)
set() 무시: ARMED/EXTRACTION 아님 (mode=ESTOP)
set() 무시: ARMED/EXTRACTION 아님 (mode=ESTOP)
set() 무시: ARMED/EXTRACTION 아님 (mode=ESTOP)
set() 무시: ARMED/EXTRACTION 아님 (mode=ESTOP)
set() 무시: ARMED/EXTRACTION 아님 (mode=ESTOP)
set() 무시: ARMED/EXTRACTION 아님 (mode=ESTOP)
set() 무시: ARMED/EXTRACTION 아님 (mode=ESTOP)
set() 무시: ARMED/EXTRACTION 아님 (mode=ESTOP)
set() 무시: ARMED/EXTRACTION 아님 (mode=ESTOP)
set() 무시: ARMED/EXTRACTION 아님 (mode=ESTOP)
set() 무시: ARMED/EXTRACTION 아님 (mode=ESTOP)
set() 무시: ARMED/EXTRACTION 아님 (mode=ESTOP)
set() 무시: ARMED/EXTRACTION 아님 (mode=ESTOP)
set() 무시: ARMED/EXTRACTION 아님 (mode=ESTOP)
set() 무시: ARMED/EXTRACTION 아님 (mode=ESTOP)
