[INFO] [0000026764.784328832] [chassis_node]: Real chassis on vcan77
[INFO] [0000026764.956316096] [chassis_node]: chassis_node started (loop 50 Hz, min_rev 0.0, gear_ratio 5.0, v_max 1.5, safety_required=True, authority_enabled=True, contract_v2_verified=False, arm_gate_mode=production)
[INFO] [0000026764.960163008] [chassis_node]: arm status mission=0 status=STOWED_LOCKED
[WARN] [0000026765.033353280] [chassis_node]: authority request MANUAL accepted: mode=TELEOP; neutral confirmation required; state=TELEOP
set() 무시: ARMED/EXTRACTION 아님 (mode=IDLE)
set() 무시: ARMED/EXTRACTION 아님 (mode=IDLE)
set() 무시: ARMED/EXTRACTION 아님 (mode=IDLE)
set() 무시: ARMED/EXTRACTION 아님 (mode=IDLE)
set() 무시: ARMED/EXTRACTION 아님 (mode=IDLE)
set() 무시: ARMED/EXTRACTION 아님 (mode=IDLE)
set() 무시: ARMED/EXTRACTION 아님 (mode=IDLE)
set() 무시: ARMED/EXTRACTION 아님 (mode=IDLE)
set() 무시: ARMED/EXTRACTION 아님 (mode=IDLE)
set() 무시: ARMED/EXTRACTION 아님 (mode=IDLE)
set() 무시: ARMED/EXTRACTION 아님 (mode=IDLE)
set() 무시: ARMED/EXTRACTION 아님 (mode=IDLE)
set() 무시: ARMED/EXTRACTION 아님 (mode=IDLE)
set() 무시: ARMED/EXTRACTION 아님 (mode=IDLE)
[INFO] [0000026765.304287616] [chassis_node]: arm request: mode=ARMED
set() 무시: ARMED/EXTRACTION 아님 (mode=IDLE)
set() 무시: ARMED/EXTRACTION 아님 (mode=IDLE)
set() 무시: ARMED/EXTRACTION 아님 (mode=IDLE)
set() 무시: ARMED/EXTRACTION 아님 (mode=IDLE)
set() 무시: ARMED/EXTRACTION 아님 (mode=IDLE)
set() 무시: ARMED/EXTRACTION 아님 (mode=IDLE)
set() 무시: ARMED/EXTRACTION 아님 (mode=IDLE)
set() 무시: ARMED/EXTRACTION 아님 (mode=IDLE)
set() 무시: ARMED/EXTRACTION 아님 (mode=IDLE)
set() 무시: ARMED/EXTRACTION 아님 (mode=IDLE)
set() 무시: ARMED/EXTRACTION 아님 (mode=IDLE)
set() 무시: ARMED/EXTRACTION 아님 (mode=IDLE)
set() 무시: ARMED/EXTRACTION 아님 (mode=IDLE)
set() 무시: ARMED/EXTRACTION 아님 (mode=IDLE)
set() 무시: ARMED/EXTRACTION 아님 (mode=IDLE)
set() 무시: ARMED/EXTRACTION 아님 (mode=IDLE)
set() 무시: ARMED/EXTRACTION 아님 (mode=IDLE)
set() 무시: ARMED/EXTRACTION 아님 (mode=IDLE)
set() 무시: ARMED/EXTRACTION 아님 (mode=IDLE)
set() 무시: ARMED/EXTRACTION 아님 (mode=IDLE)
set() 무시: ARMED/EXTRACTION 아님 (mode=IDLE)
set() 무시: ARMED/EXTRACTION 아님 (mode=IDLE)
set() 무시: ARMED/EXTRACTION 아님 (mode=IDLE)
set() 무시: ARMED/EXTRACTION 아님 (mode=IDLE)
set() 무시: ARMED/EXTRACTION 아님 (mode=IDLE)
set() 무시: ARMED/EXTRACTION 아님 (mode=IDLE)
set() 무시: ARMED/EXTRACTION 아님 (mode=IDLE)
set() 무시: ARMED/EXTRACTION 아님 (mode=IDLE)
set() 무시: ARMED/EXTRACTION 아님 (mode=IDLE)
set() 무시: ARMED/EXTRACTION 아님 (mode=IDLE)
set() 무시: ARMED/EXTRACTION 아님 (mode=IDLE)
