Starting >>> powertrain_msgs
Starting >>> robot_arm_msgs
[Processing: powertrain_msgs, robot_arm_msgs]
Finished <<< powertrain_msgs [33.1s]
--- stderr: powertrain_msgs
gmake[2]: Warning: File '/opt/ros/humble/share/builtin_interfaces/msg/Time.idl' has modification time 1776113117 s in the future
gmake[2]: Warning: File '/opt/ros/humble/share/builtin_interfaces/msg/Time.idl' has modification time 1776113117 s in the future
gmake[2]: Warning: File '/opt/ros/humble/share/builtin_interfaces/msg/Time.idl' has modification time 1776113117 s in the future
gmake[2]: warning:  Clock skew detected.  Your build may be incomplete.
gmake[2]: warning:  Clock skew detected.  Your build may be incomplete.
gmake[2]: Warning: File '/opt/ros/humble/share/builtin_interfaces/msg/Time.idl' has modification time 1776113115 s in the future
gmake[2]: warning:  Clock skew detected.  Your build may be incomplete.
gmake[2]: Warning: File '/opt/ros/humble/share/builtin_interfaces/msg/Time.idl' has modification time 1776113115 s in the future
gmake[2]: Warning: File '/opt/ros/humble/share/builtin_interfaces/msg/Time.idl' has modification time 1776113115 s in the future
gmake[2]: Warning: File '/opt/ros/humble/share/builtin_interfaces/msg/Time.idl' has modification time 1776113115 s in the future
gmake[2]: warning:  Clock skew detected.  Your build may be incomplete.
gmake[2]: Warning: File '/opt/ros/humble/share/builtin_interfaces/msg/Time.idl' has modification time 1776113113 s in the future
gmake[2]: warning:  Clock skew detected.  Your build may be incomplete.
gmake[2]: Warning: File '/opt/ros/humble/share/builtin_interfaces/msg/Time.idl' has modification time 1776113112 s in the future
gmake[2]: warning:  Clock skew detected.  Your build may be incomplete.
gmake[2]: Warning: File '/opt/ros/humble/share/builtin_interfaces/msg/Time.idl' has modification time 1776113112 s in the future
gmake[2]: warning:  Clock skew detected.  Your build may be incomplete.
gmake[2]: Warning: File '/opt/ros/humble/share/builtin_interfaces/msg/Time.idl' has modification time 1776113111 s in the future
gmake[2]: Warning: File '/opt/ros/humble/share/builtin_interfaces/msg/Time.idl' has modification time 1776113111 s in the future
gmake[2]: Warning: File '/opt/ros/humble/share/builtin_interfaces/msg/Time.idl' has modification time 1776113111 s in the future
gmake[2]: warning:  Clock skew detected.  Your build may be incomplete.
gmake[2]: Warning: File '/opt/ros/humble/share/builtin_interfaces/msg/Time.idl' has modification time 1776113108 s in the future
gmake[2]: warning:  Clock skew detected.  Your build may be incomplete.
gmake[2]: Warning: File '/opt/ros/humble/share/builtin_interfaces/msg/Time.idl' has modification time 1776113108 s in the future
gmake[2]: warning:  Clock skew detected.  Your build may be incomplete.
gmake[2]: Warning: File '/opt/ros/humble/share/builtin_interfaces/msg/Time.idl' has modification time 1776113107 s in the future
gmake[2]: warning:  Clock skew detected.  Your build may be incomplete.
gmake[2]: warning:  Clock skew detected.  Your build may be incomplete.
gmake[2]: warning:  Clock skew detected.  Your build may be incomplete.
gmake[2]: warning:  Clock skew detected.  Your build may be incomplete.
gmake[2]: warning:  Clock skew detected.  Your build may be incomplete.
gmake[2]: warning:  Clock skew detected.  Your build may be incomplete.
gmake[2]: Warning: File '/workspace/ros2/src/powertrain_msgs/msg/ManualDriveCommand.msg' has modification time 1788944307 s in the future
gmake[2]: warning:  Clock skew detected.  Your build may be incomplete.
gmake[2]: Warning: File '/opt/ros/humble/share/builtin_interfaces/msg/Time.idl' has modification time 1776113096 s in the future
gmake[2]: warning:  Clock skew detected.  Your build may be incomplete.
gmake[2]: Warning: File '/usr/lib/aarch64-linux-gnu/libpython3.10.so' has modification time 1772519208 s in the future
gmake[2]: warning:  Clock skew detected.  Your build may be incomplete.
gmake[2]: Warning: File '/usr/lib/aarch64-linux-gnu/libpython3.10.so' has modification time 1772519207 s in the future
gmake[2]: warning:  Clock skew detected.  Your build may be incomplete.
gmake[2]: Warning: File '/usr/lib/aarch64-linux-gnu/libpython3.10.so' has modification time 1772519207 s in the future
gmake[2]: warning:  Clock skew detected.  Your build may be incomplete.
gmake[2]: Warning: File '/usr/lib/aarch64-linux-gnu/libpython3.10.so' has modification time 1772519206 s in the future
gmake[2]: warning:  Clock skew detected.  Your build may be incomplete.
---
Finished <<< robot_arm_msgs [39.7s]
Starting >>> powertrain_ros
--- stderr: robot_arm_msgs
gmake[2]: Warning: File '/opt/ros/humble/share/sensor_msgs/srv/SetCameraInfo.idl' has modification time 1776293225 s in the future
gmake[2]: Warning: File '/opt/ros/humble/share/sensor_msgs/srv/SetCameraInfo.idl' has modification time 1776293225 s in the future
gmake[2]: Warning: File '/opt/ros/humble/share/sensor_msgs/srv/SetCameraInfo.idl' has modification time 1776293225 s in the future
gmake[2]: warning:  Clock skew detected.  Your build may be incomplete.
gmake[2]: warning:  Clock skew detected.  Your build may be incomplete.
gmake[2]: Warning: File '/opt/ros/humble/share/sensor_msgs/srv/SetCameraInfo.idl' has modification time 1776293223 s in the future
gmake[2]: Warning: File '/opt/ros/humble/share/sensor_msgs/srv/SetCameraInfo.idl' has modification time 1776293223 s in the future
gmake[2]: Warning: File '/opt/ros/humble/share/sensor_msgs/srv/SetCameraInfo.idl' has modification time 1776293223 s in the future
gmake[2]: warning:  Clock skew detected.  Your build may be incomplete.
gmake[2]: Warning: File '/opt/ros/humble/share/sensor_msgs/srv/SetCameraInfo.idl' has modification time 1776293223 s in the future
gmake[2]: warning:  Clock skew detected.  Your build may be incomplete.
gmake[2]: Warning: File '/opt/ros/humble/share/sensor_msgs/srv/SetCameraInfo.idl' has modification time 1776293221 s in the future
gmake[2]: warning:  Clock skew detected.  Your build may be incomplete.
gmake[2]: Warning: File '/opt/ros/humble/share/sensor_msgs/srv/SetCameraInfo.idl' has modification time 1776293220 s in the future
gmake[2]: warning:  Clock skew detected.  Your build may be incomplete.
gmake[2]: Warning: File '/opt/ros/humble/share/sensor_msgs/srv/SetCameraInfo.idl' has modification time 1776293220 s in the future
gmake[2]: warning:  Clock skew detected.  Your build may be incomplete.
gmake[2]: Warning: File '/opt/ros/humble/share/sensor_msgs/srv/SetCameraInfo.idl' has modification time 1776293218 s in the future
gmake[2]: warning:  Clock skew detected.  Your build may be incomplete.
gmake[2]: Warning: File '/opt/ros/humble/share/sensor_msgs/srv/SetCameraInfo.idl' has modification time 1776293214 s in the future
gmake[2]: warning:  Clock skew detected.  Your build may be incomplete.
gmake[2]: warning:  Clock skew detected.  Your build may be incomplete.
gmake[2]: warning:  Clock skew detected.  Your build may be incomplete.
gmake[2]: warning:  Clock skew detected.  Your build may be incomplete.
gmake[2]: Warning: File '/opt/ros/humble/share/sensor_msgs/srv/SetCameraInfo.idl' has modification time 1776293204 s in the future
gmake[2]: warning:  Clock skew detected.  Your build may be incomplete.
gmake[2]: Warning: File '/opt/ros/humble/share/sensor_msgs/srv/SetCameraInfo.idl' has modification time 1776293204 s in the future
gmake[2]: warning:  Clock skew detected.  Your build may be incomplete.
gmake[2]: Warning: File '/opt/ros/humble/share/sensor_msgs/srv/SetCameraInfo.idl' has modification time 1776293202 s in the future
gmake[2]: warning:  Clock skew detected.  Your build may be incomplete.
gmake[2]: Warning: File '/opt/ros/humble/share/sensor_msgs/srv/SetCameraInfo.idl' has modification time 1776293201 s in the future
gmake[2]: warning:  Clock skew detected.  Your build may be incomplete.
gmake[2]: Warning: File '/workspace/ros2/src/robot_arm_msgs/msg/DetectedObject.msg' has modification time 1788938820 s in the future
gmake[2]: warning:  Clock skew detected.  Your build may be incomplete.
gmake[2]: Warning: File '/opt/ros/humble/share/sensor_msgs/srv/SetCameraInfo.idl' has modification time 1776293200 s in the future
gmake[2]: warning:  Clock skew detected.  Your build may be incomplete.
gmake[2]: Warning: File '/usr/lib/aarch64-linux-gnu/libpython3.10.so' has modification time 1772519202 s in the future
gmake[2]: warning:  Clock skew detected.  Your build may be incomplete.
gmake[2]: Warning: File '/usr/lib/aarch64-linux-gnu/libpython3.10.so' has modification time 1772519200 s in the future
gmake[2]: warning:  Clock skew detected.  Your build may be incomplete.
gmake[2]: Warning: File '/usr/lib/aarch64-linux-gnu/libpython3.10.so' has modification time 1772519200 s in the future
gmake[2]: warning:  Clock skew detected.  Your build may be incomplete.
gmake[2]: Warning: File '/usr/lib/aarch64-linux-gnu/libpython3.10.so' has modification time 1772519199 s in the future
gmake[2]: warning:  Clock skew detected.  Your build may be incomplete.
---
Finished <<< powertrain_ros [1.98s]

Summary: 3 packages finished [42.2s]
  3 packages had stderr output: powertrain_msgs powertrain_ros robot_arm_msgs
--- stderr: powertrain_ros
warning: build_py: byte-compiling is disabled, skipping.

warning: install_lib: byte-compiling is disabled, skipping.

---
