Command '['git', 'describe', '--always', '--tags', '--match=*fw*', '--dirty=*']' returned non-zero exit status 128.
fatal: not a git repository (or any of the parent directories): .git
{
  "serial": "336A33523235",
  "utc": "2026-08-18T08:20:19.748277+00:00",
  "communication": {
    "serial": "336A33523235",
    "firmware": [
      0,
      5,
      1
    ],
    "baud": 500000,
    "protocol": 0,
    "axis0": {
      "node": 13,
      "extended": false,
      "heartbeat_ms": 20
    },
    "axis1": {
      "node": 14,
      "extended": false,
      "heartbeat_ms": 20
    }
  },
  "axes": {
    "axis0": {
      "current_state": 1,
      "requested_state": 0,
      "controller.input_vel": 0.0,
      "encoder.vel_estimate": 0.0,
      "motor.is_calibrated": true,
      "encoder.is_ready": true,
      "error": 0,
      "motor.error": 0,
      "encoder.error": 0
    },
    "axis1": {
      "current_state": 1,
      "requested_state": 0,
      "controller.input_vel": 0.0,
      "encoder.vel_estimate": 0.0,
      "motor.is_calibrated": true,
      "encoder.is_ready": true,
      "error": 0,
      "motor.error": 0,
      "encoder.error": 0
    }
  },
  "config_fields": 307,
  "config_sha256": "97b91c0d2e8b43c79c897f71d34ece91ea20d45e3095eae9cf0be5bd831ec6e3",
  "config_readback_twice_equal": true,
  "method": "read-only Fibre configuration tree via SDK get_dict; no save/set/reboot/flash",
  "board_attributes": [
    "__class__",
    "__delattr__",
    "__dict__",
    "__dir__",
    "__doc__",
    "__eq__",
    "__format__",
    "__ge__",
    "__getattribute__",
    "__gt__",
    "__hash__",
    "__init__",
    "__init_subclass__",
    "__le__",
    "__lt__",
    "__module__",
    "__ne__",
    "__new__",
    "__reduce__",
    "__reduce_ex__",
    "__repr__",
    "__sealed__",
    "__setattr__",
    "__sizeof__",
    "__str__",
    "__subclasshook__",
    "__weakref__",
    "_brake_resistor_armed_property",
    "_brake_resistor_saturated_property",
    "_children",
    "_destroy",
    "_dump",
    "_fw_version_major_property",
    "_fw_version_minor_property",
    "_fw_version_revision_property",
    "_fw_version_unreleased_property",
    "_handle",
    "_hw_version_major_property",
    "_hw_version_minor_property",
    "_hw_version_variant_property",
    "_ibus_property",
    "_ibus_report_filter_k_property",
    "_libfibre",
    "_obj_handle",
    "_on_lost",
    "_refcount",
    "_serial_number_property",
    "_test_property_property",
    "_user_config_loaded_property",
    "_vbus_voltage_property",
    "axis0",
    "axis1",
    "brake_resistor_armed",
    "brake_resistor_saturated",
    "can",
    "config",
    "enter_dfu_mode",
    "erase_configuration",
    "fw_version_major",
    "fw_version_minor",
    "fw_version_revision",
    "fw_version_unreleased",
    "get_adc_voltage",
    "get_oscilloscope_val",
    "hw_version_major",
    "hw_version_minor",
    "hw_version_variant",
    "ibus",
    "ibus_report_filter_k",
    "reboot",
    "save_configuration",
    "serial_number",
    "system_stats",
    "test_function",
    "test_property",
    "user_config_loaded",
    "vbus_voltage"
  ],
  "can_attributes": [
    "__class__",
    "__delattr__",
    "__dict__",
    "__dir__",
    "__doc__",
    "__eq__",
    "__format__",
    "__ge__",
    "__getattribute__",
    "__gt__",
    "__hash__",
    "__init__",
    "__init_subclass__",
    "__le__",
    "__lt__",
    "__module__",
    "__ne__",
    "__new__",
    "__reduce__",
    "__reduce_ex__",
    "__repr__",
    "__sealed__",
    "__setattr__",
    "__sizeof__",
    "__str__",
    "__subclasshook__",
    "__weakref__",
    "_children",
    "_destroy",
    "_dump",
    "_error_property",
    "_handle",
    "_libfibre",
    "_obj_handle",
    "_on_lost",
    "_refcount",
    "config",
    "error",
    "set_baud_rate"
  ],
  "firmware_unreleased": 1,
  "user_config_loaded": true
}
