.tup repository initialized.
.tup repository initialized.
Scanning...
Reading tup.config...
Parsing...
 ~ 1% .vscode
 ~ 3% Board/v3/Drivers/CMSIS/Device/ST/STM32F4xx/Include
 ~ 5% Board/v3/Drivers/CMSIS/Device/ST/STM32F4xx
 ~ 7% Board/v3/Drivers/CMSIS/Device/ST
 ~ 9% Board/v3/Drivers/CMSIS/Device
 ~10% Board/v3/Drivers/CMSIS/Include
 ~12% Board/v3/Drivers/CMSIS/Lib
 ~14% Board/v3/Drivers/CMSIS
 ~16% Board/v3/Drivers/STM32F4xx_HAL_Driver/Inc/Legacy
 ~18% Board/v3/Drivers/STM32F4xx_HAL_Driver/Inc
 ~20% Board/v3/Drivers/STM32F4xx_HAL_Driver/Src
 ~21% Board/v3/Drivers/STM32F4xx_HAL_Driver
 ~23% Board/v3/Drivers
 ~25% Board/v3/Inc/prev_board_ver
 ~27% Board/v3/Inc
 ~29% Board/v3/Middlewares/ST/STM32_USB_Device_Library/Class/CDC/Inc
 ~30% Board/v3/Middlewares/ST/STM32_USB_Device_Library/Class/CDC/Src
 ~32% Board/v3/Middlewares/ST/STM32_USB_Device_Library/Class/CDC
 ~34% Board/v3/Middlewares/ST/STM32_USB_Device_Library/Class
 ~36% Board/v3/Middlewares/ST/STM32_USB_Device_Library/Core/Inc
 ~38% Board/v3/Middlewares/ST/STM32_USB_Device_Library/Core/Src
 ~40% Board/v3/Middlewares/ST/STM32_USB_Device_Library/Core
 ~41% Board/v3/Middlewares/ST/STM32_USB_Device_Library
 ~43% Board/v3/Middlewares/ST
 ~45% Board/v3/Middlewares/Third_Party/FreeRTOS/Source/CMSIS_RTOS
 ~47% Board/v3/Middlewares/Third_Party/FreeRTOS/Source/include
 ~49% Board/v3/Middlewares/Third_Party/FreeRTOS/Source/portable/GCC/ARM_CM4F
 ~50% Board/v3/Middlewares/Third_Party/FreeRTOS/Source/portable/GCC
 ~52% Board/v3/Middlewares/Third_Party/FreeRTOS/Source/portable/MemMang
 ~54% Board/v3/Middlewares/Third_Party/FreeRTOS/Source/portable
 ~56% Board/v3/Middlewares/Third_Party/FreeRTOS/Source
 ~58% Board/v3/Middlewares/Third_Party/FreeRTOS
 ~60% Board/v3/Middlewares/Third_Party
 ~61% Board/v3/Middlewares
 ~63% Board/v3/Src/prev_board_ver
 ~65% Board/v3/Src
 ~67% Board/v3
 ~69% Board
 ~70% Drivers/DRV8301
 ~72% Drivers
 ~74% MotorControl
 ~76% Tests
 ~78% communication
 ~80% doctest/parts
 ~81% doctest
 ~83% fibre/cpp/include/fibre
 ~85% fibre/cpp/include
 ~87% fibre/cpp
 ~89% fibre/python/fibre
 ~90% fibre/python
 ~92% fibre/test
 ~94% fibre/tools
 ~96% fibre/tupfiles
 ~98% fibre
 100% .
Using python command "python3 -B"
Generate: /work/build_vendor.sh
fatal: not a git repository (or any parent up to mount point /)
Stopping at filesystem boundary (GIT_DISCOVERY_ACROSS_FILESYSTEM not set).
Command '['git', 'describe', '--always', '--tags', '--dirty=*']' returned non-zero exit status 128.
Firmware version 0.0.0-dev ([unknown version])
   text	   data	    bss	    dec	    hex	filename
 242420	   1580	 136064	 380064	  5cca0	build/ODriveFirmware.elf
