{"phase": "queries", "elapsed_s": 30.0, "heartbeats": {"ak2": 1501, "ak3": 1500, "ak1": 1500, "11": 1500, "12": 1500, "ak4": 1500, "15": 1500, "16": 1500, "13": 1500, "14": 1500}, "stale_samples": {}, "max_gap_ms": {"ak4": 20.6, "15": 20.94, "16": 20.98, "13": 20.59, "14": 20.68, "ak2": 21.61, "ak3": 21.31, "ak1": 21.54, "11": 20.6, "12": 21.48}}
{"phase": "queries", "elapsed_s": 60.0, "heartbeats": {"ak2": 3001, "ak3": 3000, "ak1": 3000, "11": 3000, "12": 3000, "ak4": 3000, "15": 3000, "16": 3000, "13": 3000, "14": 3000}, "stale_samples": {}, "max_gap_ms": {"ak4": 21.64, "15": 21.36, "16": 21.46, "13": 20.59, "14": 20.88, "ak2": 21.61, "ak3": 21.68, "ak1": 21.54, "11": 21.0, "12": 21.48}}
{"phase": "queries", "elapsed_s": 90.0, "heartbeats": {"ak2": 4501, "ak3": 4501, "ak1": 4501, "11": 4501, "12": 4500, "ak4": 4500, "15": 4500, "16": 4500, "13": 4500, "14": 4500}, "stale_samples": {}, "max_gap_ms": {"ak4": 21.64, "15": 21.36, "16": 21.46, "13": 21.22, "14": 21.22, "ak2": 21.61, "ak3": 24.38, "ak1": 21.54, "11": 24.06, "12": 24.06}}
{"phase": "queries", "elapsed_s": 120.0, "heartbeats": {"ak2": 6001, "ak3": 6001, "ak1": 6001, "11": 6001, "12": 6001, "ak4": 6000, "15": 6000, "16": 6000, "13": 6000, "14": 6000}, "stale_samples": {}, "max_gap_ms": {"ak4": 21.64, "15": 21.36, "16": 21.52, "13": 21.22, "14": 21.22, "ak2": 21.61, "ak3": 24.38, "ak1": 22.03, "11": 24.06, "12": 24.06}}
{"phase": "queries", "elapsed_s": 150.0, "heartbeats": {"ak2": 7501, "ak3": 7501, "ak1": 7501, "11": 7501, "12": 7501, "ak4": 7500, "15": 7500, "16": 7500, "13": 7500, "14": 7500}, "stale_samples": {}, "max_gap_ms": {"ak4": 21.64, "15": 21.36, "16": 21.52, "13": 21.22, "14": 21.22, "ak2": 21.61, "ak3": 24.38, "ak1": 22.03, "11": 24.06, "12": 24.06}}
{"phase": "queries", "elapsed_s": 180.0, "heartbeats": {"ak2": 9001, "ak3": 9001, "ak1": 9001, "11": 9001, "12": 9001, "ak4": 9000, "15": 9000, "16": 9000, "13": 9000, "14": 9000}, "stale_samples": {}, "max_gap_ms": {"ak4": 21.64, "15": 21.36, "16": 21.52, "13": 21.22, "14": 21.22, "ak2": 21.61, "ak3": 24.38, "ak1": 22.03, "11": 24.06, "12": 24.06}}
{"phase": "queries", "elapsed_s": 210.0, "heartbeats": {"ak2": 10501, "ak3": 10501, "ak1": 10501, "11": 10501, "12": 10501, "ak4": 10500, "15": 10501, "16": 10501, "13": 10500, "14": 10500}, "stale_samples": {}, "max_gap_ms": {"ak4": 21.64, "15": 21.36, "16": 21.52, "13": 23.04, "14": 22.99, "ak2": 21.61, "ak3": 24.38, "ak1": 22.03, "11": 24.06, "12": 24.06}}
{"phase": "queries", "elapsed_s": 240.0, "heartbeats": {"ak2": 12001, "ak3": 12001, "ak1": 12001, "11": 12001, "12": 12001, "ak4": 12000, "15": 12001, "16": 12001, "13": 12000, "14": 12000}, "stale_samples": {}, "max_gap_ms": {"ak4": 21.64, "15": 21.38, "16": 21.52, "13": 23.04, "14": 22.99, "ak2": 21.61, "ak3": 24.38, "ak1": 22.29, "11": 24.06, "12": 24.06}}
{"phase": "queries", "elapsed_s": 270.0, "heartbeats": {"ak2": 13501, "ak3": 13501, "ak1": 13501, "11": 13501, "12": 13501, "ak4": 13500, "15": 13501, "16": 13501, "13": 13501, "14": 13501}, "stale_samples": {}, "max_gap_ms": {"ak4": 21.64, "15": 21.38, "16": 24.75, "13": 23.04, "14": 22.99, "ak2": 23.36, "ak3": 24.38, "ak1": 22.29, "11": 24.06, "12": 24.06}}
{"phase": "queries", "elapsed_s": 300.0, "heartbeats": {"ak2": 15001, "ak3": 15001, "ak1": 15001, "11": 15001, "12": 15001, "ak4": 15000, "15": 15001, "16": 15001, "13": 15001, "14": 15001}, "stale_samples": {}, "max_gap_ms": {"ak4": 21.64, "15": 21.38, "16": 24.75, "13": 23.04, "14": 22.99, "ak2": 23.36, "ak3": 24.38, "ak1": 22.29, "11": 24.06, "12": 24.06}}
{"phase": "queries", "elapsed_s": 330.0, "heartbeats": {"ak2": 16501, "ak3": 16501, "ak1": 16501, "11": 16501, "12": 16501, "ak4": 16500, "15": 16501, "16": 16501, "13": 16501, "14": 16501}, "stale_samples": {}, "max_gap_ms": {"ak4": 23.16, "15": 21.38, "16": 24.75, "13": 23.04, "14": 22.99, "ak2": 23.36, "ak3": 24.38, "ak1": 22.29, "11": 24.06, "12": 24.06}}
{"phase": "queries", "elapsed_s": 360.0, "heartbeats": {"ak2": 18001, "ak3": 18001, "ak1": 18001, "11": 18002, "12": 18002, "ak4": 18001, "15": 18001, "16": 18001, "13": 18001, "14": 18001}, "stale_samples": {}, "max_gap_ms": {"ak4": 24.08, "15": 21.38, "16": 24.75, "13": 23.04, "14": 22.99, "ak2": 23.36, "ak3": 24.38, "ak1": 22.29, "11": 24.06, "12": 24.06}}
{"phase": "queries", "elapsed_s": 390.0, "heartbeats": {"ak2": 19501, "ak3": 19501, "ak1": 19501, "11": 19502, "12": 19502, "ak4": 19501, "15": 19501, "16": 19501, "13": 19501, "14": 19501}, "stale_samples": {}, "max_gap_ms": {"ak4": 24.08, "15": 21.38, "16": 24.75, "13": 23.04, "14": 22.99, "ak2": 23.36, "ak3": 24.38, "ak1": 22.29, "11": 24.06, "12": 24.06}}
{"phase": "queries", "elapsed_s": 420.0, "heartbeats": {"ak2": 21001, "ak3": 21001, "ak1": 21001, "11": 21002, "12": 21002, "ak4": 21001, "15": 21001, "16": 21001, "13": 21001, "14": 21001}, "stale_samples": {}, "max_gap_ms": {"ak4": 26.24, "15": 22.14, "16": 24.75, "13": 23.04, "14": 22.99, "ak2": 23.36, "ak3": 24.38, "ak1": 22.29, "11": 24.06, "12": 24.06}}
{"phase": "queries", "elapsed_s": 450.0, "heartbeats": {"ak2": 22501, "ak3": 22501, "ak1": 22501, "11": 22502, "12": 22502, "ak4": 22501, "15": 22501, "16": 22501, "13": 22501, "14": 22501}, "stale_samples": {}, "max_gap_ms": {"ak4": 26.24, "15": 23.23, "16": 24.75, "13": 23.04, "14": 22.99, "ak2": 23.36, "ak3": 24.38, "ak1": 22.29, "11": 24.06, "12": 24.06}}
{"phase": "queries", "elapsed_s": 480.0, "heartbeats": {"ak2": 24001, "ak3": 24001, "ak1": 24001, "11": 24002, "12": 24002, "ak4": 24001, "15": 24002, "16": 24002, "13": 24001, "14": 24001}, "stale_samples": {}, "max_gap_ms": {"ak4": 26.24, "15": 23.23, "16": 24.75, "13": 23.04, "14": 22.99, "ak2": 23.36, "ak3": 24.38, "ak1": 22.33, "11": 24.06, "12": 24.06}}
{"phase": "queries", "elapsed_s": 510.0, "heartbeats": {"ak2": 25501, "ak3": 25501, "ak1": 25501, "11": 25502, "12": 25502, "ak4": 25501, "15": 25502, "16": 25502, "13": 25501, "14": 25501}, "stale_samples": {}, "max_gap_ms": {"ak4": 26.24, "15": 23.23, "16": 24.75, "13": 23.04, "14": 26.53, "ak2": 26.59, "ak3": 24.38, "ak1": 23.54, "11": 24.06, "12": 24.06}}
{"phase": "queries", "elapsed_s": 540.0, "heartbeats": {"ak2": 27001, "ak3": 27001, "ak1": 27001, "11": 27002, "12": 27002, "ak4": 27001, "15": 27002, "16": 27002, "13": 27002, "14": 27002}, "stale_samples": {}, "max_gap_ms": {"ak4": 26.24, "15": 23.23, "16": 24.75, "13": 23.04, "14": 26.53, "ak2": 26.59, "ak3": 24.38, "ak1": 23.54, "11": 24.06, "12": 24.06}}
{"phase": "queries", "elapsed_s": 570.0, "heartbeats": {"ak2": 28502, "ak3": 28501, "ak1": 28501, "11": 28502, "12": 28502, "ak4": 28501, "15": 28502, "16": 28502, "13": 28502, "14": 28502}, "stale_samples": {}, "max_gap_ms": {"ak4": 26.24, "15": 23.23, "16": 24.75, "13": 24.0, "14": 26.53, "ak2": 26.59, "ak3": 24.38, "ak1": 23.54, "11": 24.06, "12": 24.06}}
{
  "started_at": "1970-01-01T00:14:57.216269+00:00",
  "driver_sha256": "d8220e52d39f18f173b3be5510c4d98aa305de3efab64eb2bac3bcf544d64a23",
  "scheduler": "shared logical cycle",
  "duration_requested_s": 600,
  "phases": [
    {
      "name": "baseline",
      "duration_s": 6.000088959999971,
      "counts": {
        "ak4": 301,
        "15": 301,
        "16": 301,
        "13": 301,
        "14": 301,
        "ak2": 300,
        "ak3": 300,
        "ak1": 300,
        "11": 300,
        "12": 300
      }
    },
    {
      "name": "queries",
      "duration_s": 600.000082656,
      "counts": {
        "ak2": 30002,
        "ak3": 30001,
        "ak1": 30001,
        "11": 30002,
        "12": 30002,
        "ak4": 30001,
        "15": 30002,
        "16": 30002,
        "13": 30002,
        "14": 30002
      }
    },
    {
      "name": "after",
      "duration_s": 6.000105920000124,
      "counts": {
        "ak1": 300,
        "ak3": 300,
        "11": 300,
        "12": 300,
        "15": 300,
        "16": 300,
        "ak4": 300,
        "13": 300,
        "14": 300,
        "ak2": 300
      }
    }
  ],
  "errors": [],
  "counters_before": {
    "rx_packets": 432951,
    "tx_packets": 1044,
    "rx_errors": 0,
    "tx_errors": 0,
    "rx_dropped": 0,
    "tx_dropped": 0
  },
  "counters_after": {
    "rx_packets": 801965,
    "tx_packets": 64044,
    "rx_errors": 0,
    "tx_errors": 0,
    "rx_dropped": 0,
    "tx_dropped": 0
  },
  "last_state": {
    "15": {
      "state": 1,
      "error": 0
    },
    "16": {
      "state": 1,
      "error": 0
    },
    "13": {
      "state": 1,
      "error": 0
    },
    "14": {
      "state": 1,
      "error": 0
    },
    "11": {
      "state": 1,
      "error": 0
    },
    "12": {
      "state": 1,
      "error": 0
    }
  },
  "max_heartbeat_gap_ms": {
    "ak4": 26.243808000117497,
    "15": 23.23251200004961,
    "16": 24.745823999865024,
    "13": 23.998688000119728,
    "14": 26.525984000045355,
    "ak2": 26.588831999788454,
    "ak3": 24.602111999911358,
    "ak1": 23.54131199990661,
    "11": 24.056352000002335,
    "12": 24.056799999925715
  },
  "stale_samples": {},
  "tx_commands": {
    "11:9:True": 10000,
    "14:9:True": 10000,
    "11:20:True": 500,
    "12:9:True": 10000,
    "15:9:True": 10000,
    "13:9:True": 10000,
    "16:9:True": 10000,
    "12:20:True": 500,
    "13:20:True": 500,
    "14:20:True": 500,
    "15:20:True": 500,
    "16:20:True": 500
  },
  "finished_at": "1970-01-01T00:25:09.238449+00:00"
}
