Command '['git', 'describe', '--always', '--tags', '--match=*fw*', '--dirty=*']' returned non-zero exit status 128.
fatal: not a git repository (or any of the parent directories): .git
{
  "started_at": "1970-01-01T00:11:02.130335+00:00",
  "boot_id": "172cb798-60c3-43a1-bd6e-7426435ac3b3",
  "patch": 1,
  "configuration_unchanged": true,
  "can_diagnostics": {
    "hal_error": 0,
    "last_hal_error": 8,
    "hal_error_history": 8,
    "tx_drop_count": 2,
    "tx_error_count": 0,
    "recovery_count": 2,
    "recovery_failure_count": 0,
    "reinit_requested": false,
    "reinitializing": false
  },
  "axes": [
    {
      "node": 13,
      "state": 1,
      "error": 16384,
      "motor_error": 0,
      "encoder_error": 0,
      "calibrated": true,
      "ready": true,
      "motor_pre_calibrated": true,
      "encoder_pre_calibrated": true,
      "input_vel": 0.0,
      "velocity": 0.0,
      "watchdog_enabled": false,
      "watchdog_timeout": 0.0
    },
    {
      "node": 14,
      "state": 1,
      "error": 16384,
      "motor_error": 0,
      "encoder_error": 0,
      "calibrated": true,
      "ready": true,
      "motor_pre_calibrated": true,
      "encoder_pre_calibrated": true,
      "input_vel": 0.0,
      "velocity": 0.0,
      "watchdog_enabled": false,
      "watchdog_timeout": 0.0
    }
  ],
  "vbus_voltage": 46.09123611450195
}
{
  "started_at": "1970-01-01T00:11:02.130335+00:00",
  "boot_id": "172cb798-60c3-43a1-bd6e-7426435ac3b3",
  "patch": 1,
  "configuration_unchanged": true,
  "can_diagnostics": {
    "hal_error": 0,
    "last_hal_error": 8,
    "hal_error_history": 8,
    "tx_drop_count": 2,
    "tx_error_count": 0,
    "recovery_count": 2,
    "recovery_failure_count": 0,
    "reinit_requested": false,
    "reinitializing": false
  },
  "axes": [
    {
      "node": 13,
      "state": 1,
      "error": 16384,
      "motor_error": 0,
      "encoder_error": 0,
      "calibrated": true,
      "ready": true,
      "motor_pre_calibrated": true,
      "encoder_pre_calibrated": true,
      "input_vel": 0.0,
      "velocity": 0.0,
      "watchdog_enabled": false,
      "watchdog_timeout": 0.0
    },
    {
      "node": 14,
      "state": 1,
      "error": 16384,
      "motor_error": 0,
      "encoder_error": 0,
      "calibrated": true,
      "ready": true,
      "motor_pre_calibrated": true,
      "encoder_pre_calibrated": true,
      "input_vel": 0.0,
      "velocity": 0.0,
      "watchdog_enabled": false,
      "watchdog_timeout": 0.0
    }
  ],
  "vbus_voltage": 46.09123611450195,
  "heartbeat_counts": {
    "15": 301,
    "16": 301,
    "ak1": 301,
    "13": 300,
    "14": 300,
    "ak4": 300,
    "11": 300,
    "12": 300,
    "ak2": 300,
    "ak3": 300
  },
  "states": {
    "15": {
      "error": 0,
      "state": 1
    },
    "16": {
      "error": 0,
      "state": 1
    },
    "13": {
      "error": 16384,
      "state": 1
    },
    "14": {
      "error": 16384,
      "state": 1
    },
    "11": {
      "error": 0,
      "state": 1
    },
    "12": {
      "error": 0,
      "state": 1
    }
  },
  "recovery_count_stable_during_six_seconds": true,
  "manual_clear_only": true,
  "axes_after_check": [
    {
      "state": 1,
      "error": 0,
      "latched": false,
      "velocity": 0.0
    },
    {
      "state": 1,
      "error": 0,
      "latched": false,
      "velocity": 0.0
    }
  ],
  "result": "PASS"
}
