[INFO] [0000026758.732249760] [chassis_node]: Real chassis on vcan77
[INFO] [0000026758.897600800] [chassis_node]: chassis_node started (loop 50 Hz, min_rev 0.0, gear_ratio 5.0, v_max 1.5, safety_required=True, authority_enabled=True, contract_v2_verified=False, arm_gate_mode=production)
[INFO] [0000026758.900700736] [chassis_node]: arm status mission=0 status=STOWED_LOCKED
[WARN] [0000026758.954250848] [chassis_node]: authority request MANUAL accepted: mode=TELEOP; neutral confirmation required; state=TELEOP
set() 무시: ARMED/EXTRACTION 아님 (mode=IDLE)
set() 무시: ARMED/EXTRACTION 아님 (mode=IDLE)
set() 무시: ARMED/EXTRACTION 아님 (mode=IDLE)
set() 무시: ARMED/EXTRACTION 아님 (mode=IDLE)
set() 무시: ARMED/EXTRACTION 아님 (mode=IDLE)
set() 무시: ARMED/EXTRACTION 아님 (mode=IDLE)
set() 무시: ARMED/EXTRACTION 아님 (mode=IDLE)
set() 무시: ARMED/EXTRACTION 아님 (mode=IDLE)
set() 무시: ARMED/EXTRACTION 아님 (mode=IDLE)
set() 무시: ARMED/EXTRACTION 아님 (mode=IDLE)
set() 무시: ARMED/EXTRACTION 아님 (mode=IDLE)
set() 무시: ARMED/EXTRACTION 아님 (mode=IDLE)
set() 무시: ARMED/EXTRACTION 아님 (mode=IDLE)
[INFO] [0000026759.222457952] [chassis_node]: arm request: mode=ARMED
set() 무시: ARMED/EXTRACTION 아님 (mode=IDLE)
set() 무시: ARMED/EXTRACTION 아님 (mode=IDLE)
set() 무시: ARMED/EXTRACTION 아님 (mode=IDLE)
set() 무시: ARMED/EXTRACTION 아님 (mode=IDLE)
set() 무시: ARMED/EXTRACTION 아님 (mode=IDLE)
set() 무시: ARMED/EXTRACTION 아님 (mode=IDLE)
set() 무시: ARMED/EXTRACTION 아님 (mode=IDLE)
set() 무시: ARMED/EXTRACTION 아님 (mode=IDLE)
set() 무시: ARMED/EXTRACTION 아님 (mode=IDLE)
set() 무시: ARMED/EXTRACTION 아님 (mode=IDLE)
set() 무시: ARMED/EXTRACTION 아님 (mode=IDLE)
set() 무시: ARMED/EXTRACTION 아님 (mode=IDLE)
set() 무시: ARMED/EXTRACTION 아님 (mode=IDLE)
set() 무시: ARMED/EXTRACTION 아님 (mode=IDLE)
set() 무시: ARMED/EXTRACTION 아님 (mode=IDLE)
set() 무시: ARMED/EXTRACTION 아님 (mode=IDLE)
set() 무시: ARMED/EXTRACTION 아님 (mode=IDLE)
set() 무시: ARMED/EXTRACTION 아님 (mode=IDLE)
set() 무시: ARMED/EXTRACTION 아님 (mode=IDLE)
set() 무시: ARMED/EXTRACTION 아님 (mode=IDLE)
set() 무시: ARMED/EXTRACTION 아님 (mode=IDLE)
set() 무시: ARMED/EXTRACTION 아님 (mode=IDLE)
set() 무시: ARMED/EXTRACTION 아님 (mode=IDLE)
set() 무시: ARMED/EXTRACTION 아님 (mode=IDLE)
set() 무시: ARMED/EXTRACTION 아님 (mode=IDLE)
set() 무시: ARMED/EXTRACTION 아님 (mode=IDLE)
set() 무시: ARMED/EXTRACTION 아님 (mode=IDLE)
set() 무시: ARMED/EXTRACTION 아님 (mode=IDLE)
set() 무시: ARMED/EXTRACTION 아님 (mode=IDLE)
set() 무시: ARMED/EXTRACTION 아님 (mode=IDLE)
set() 무시: ARMED/EXTRACTION 아님 (mode=IDLE)
set() 무시: ARMED/EXTRACTION 아님 (mode=IDLE)
