Command '['git', 'describe', '--always', '--tags', '--match=*fw*', '--dirty=*']' returned non-zero exit status 128.
fatal: not a git repository (or any of the parent directories): .git
COMMUNICATION {"serial": "336A33523235", "firmware": [0, 5, 1], "baud": 500000, "protocol": 0, "axis0": {"node": 13, "extended": false, "heartbeat_ms": 20}, "axis1": {"node": 14, "extended": false, "heartbeat_ms": 20}}
SNAPSHOT {
  "method": "USB property reads only; no setters or device methods",
  "started_at": "2026-08-18T07:37:20.786896+00:00",
  "requested_serial": "336A33523235",
  "communication": {
    "serial": "336A33523235",
    "firmware": [
      0,
      5,
      1
    ],
    "baud": 500000,
    "protocol": 0,
    "axis0": {
      "node": 13,
      "extended": false,
      "heartbeat_ms": 20
    },
    "axis1": {
      "node": 14,
      "extended": false,
      "heartbeat_ms": 20
    }
  },
  "board": {
    "fw_version_unreleased": 1,
    "hw_version_major": 3,
    "hw_version_minor": 6,
    "hw_version_variant": 56,
    "vbus_voltage": 46.871925354003906,
    "ibus": 0.0,
    "error": null,
    "can.error": 0,
    "can.n_restarts": null,
    "can.n_tx": null,
    "can.n_rx": null,
    "system_stats.uptime": 4090445,
    "system_stats.min_heap_space": 41560,
    "system_stats.stack_usage_can": 372,
    "system_stats.usb.rx_cnt": 1298,
    "system_stats.usb.tx_cnt": 1298
  },
  "axes": {
    "axis0": {
      "current_state": 1,
      "requested_state": 0,
      "error": 0,
      "motor.error": 0,
      "encoder.error": 0,
      "controller.error": 0,
      "sensorless_estimator.error": 0,
      "motor.is_calibrated": true,
      "encoder.is_ready": true,
      "motor.config.pre_calibrated": true,
      "encoder.config.pre_calibrated": true,
      "encoder.vel_estimate": 0.0,
      "controller.input_vel": 0.0,
      "config.enable_watchdog": false,
      "config.watchdog_timeout": 0.0,
      "config.startup_closed_loop_control": false,
      "config.startup_motor_calibration": false,
      "config.startup_encoder_index_search": false,
      "config.startup_encoder_offset_calibration": false
    },
    "axis1": {
      "current_state": 1,
      "requested_state": 0,
      "error": 0,
      "motor.error": 0,
      "encoder.error": 0,
      "controller.error": 0,
      "sensorless_estimator.error": 0,
      "motor.is_calibrated": true,
      "encoder.is_ready": true,
      "motor.config.pre_calibrated": true,
      "encoder.config.pre_calibrated": true,
      "encoder.vel_estimate": 0.0,
      "controller.input_vel": 0.0,
      "config.enable_watchdog": false,
      "config.watchdog_timeout": 0.0,
      "config.startup_closed_loop_control": false,
      "config.startup_motor_calibration": false,
      "config.startup_encoder_index_search": false,
      "config.startup_encoder_offset_calibration": false
    }
  },
  "can_available_attributes": [
    "_children",
    "_destroy",
    "_dump",
    "_error_property",
    "_handle",
    "_libfibre",
    "_obj_handle",
    "_on_lost",
    "_refcount",
    "config",
    "error",
    "set_baud_rate"
  ],
  "can.config_available_attributes": [
    "_baud_rate_property",
    "_children",
    "_destroy",
    "_dump",
    "_handle",
    "_libfibre",
    "_obj_handle",
    "_on_lost",
    "_protocol_property",
    "_refcount",
    "baud_rate",
    "protocol"
  ],
  "system_stats_available_attributes": [
    "_children",
    "_destroy",
    "_dump",
    "_handle",
    "_libfibre",
    "_min_heap_space_property",
    "_min_stack_space_axis0_property",
    "_min_stack_space_axis1_property",
    "_min_stack_space_can_property",
    "_min_stack_space_comms_property",
    "_min_stack_space_startup_property",
    "_min_stack_space_uart_property",
    "_min_stack_space_usb_irq_property",
    "_min_stack_space_usb_property",
    "_obj_handle",
    "_on_lost",
    "_refcount",
    "_stack_usage_axis0_property",
    "_stack_usage_axis1_property",
    "_stack_usage_can_property",
    "_stack_usage_comms_property",
    "_stack_usage_startup_property",
    "_stack_usage_uart_property",
    "_stack_usage_usb_irq_property",
    "_stack_usage_usb_property",
    "_uptime_property",
    "i2c",
    "min_heap_space",
    "min_stack_space_axis0",
    "min_stack_space_axis1",
    "min_stack_space_can",
    "min_stack_space_comms",
    "min_stack_space_startup",
    "min_stack_space_uart",
    "min_stack_space_usb",
    "min_stack_space_usb_irq",
    "stack_usage_axis0",
    "stack_usage_axis1",
    "stack_usage_can",
    "stack_usage_comms",
    "stack_usage_startup",
    "stack_usage_uart",
    "stack_usage_usb",
    "stack_usage_usb_irq",
    "uptime",
    "usb"
  ],
  "finished_at": "2026-08-18T07:37:33.855804+00:00"
}
