can0 UP / 500000 bps / controller ERROR-ACTIVE / LOOPBACK, LISTEN-ONLY off
 Container powertrain_chassis_telemetry  Recreate
 Container powertrain_canwatchdog  Recreate
 Container powertrain_control  Recreate
 Container powertrain_pdist80b_telemetry  Recreate
 Container powertrain_chassis  Recreate
 Container powertrain_session  Recreate
 Container powertrain_observability  Recreate
 Container powertrain_ros  Recreate
 Container powertrain_chassis_telemetry  Recreated
 Container powertrain_canwatchdog  Recreated
 Container powertrain_pdist80b_telemetry  Recreated
 Container powertrain_observability  Recreated
 Container powertrain_session  Recreated
 Container powertrain_ros  Recreated
 Container powertrain_chassis  Recreated
 Container powertrain_control  Recreated
 Container powertrain_canwatchdog  Starting
 Container powertrain_observability  Starting
 Container powertrain_chassis_telemetry  Starting
 Container powertrain_pdist80b_telemetry  Starting
 Container powertrain_session  Starting
 Container powertrain_ros  Starting
 Container powertrain_control  Starting
 Container powertrain_chassis  Starting
 Container powertrain_session  Started
 Container powertrain_observability  Started
 Container powertrain_ros  Started
 Container powertrain_pdist80b_telemetry  Started
 Container powertrain_chassis_telemetry  Started
 Container powertrain_chassis  Started
 Container powertrain_control  Started
 Container powertrain_canwatchdog  Started
robot-start PASS: profile=can-4ws, session=:9002, input=:9000, ops=:9001
