#0 building with "default" instance using docker driver

#1 [internal] load build definition from Dockerfile
#1 transferring dockerfile: 182B done
#1 DONE 0.0s

#2 [internal] load metadata for docker.io/library/powertrain-sw:ros-before-can-20260909
#2 DONE 0.0s

#3 [internal] load .dockerignore
#3 transferring context: 2B done
#3 DONE 0.0s

#4 [1/3] FROM docker.io/library/powertrain-sw:ros-before-can-20260909@sha256:f0bfbb511c083c596beee892e27f98e4d91abb480e96805fae35d685c7ed7709
#4 resolve docker.io/library/powertrain-sw:ros-before-can-20260909@sha256:f0bfbb511c083c596beee892e27f98e4d91abb480e96805fae35d685c7ed7709 0.1s done
#4 CACHED

#5 [internal] load build context
#5 transferring context: 1.29MB 0.1s done
#5 DONE 0.1s

#6 [2/3] COPY *.deb /tmp/can-tools/
#6 DONE 0.1s

#7 [3/3] RUN dpkg -i /tmp/can-tools/*.deb && rm -rf /tmp/can-tools && ip -Version
#7 0.500 Selecting previously unselected package iproute2.
#7 0.728 (Reading database ... 44329 files and directories currently installed.)
#7 0.728 Preparing to unpack .../iproute2_5.15.0-1ubuntu2.2_arm64.deb ...
#7 0.739 Unpacking iproute2 (5.15.0-1ubuntu2.2) ...
#7 0.939 Selecting previously unselected package libbpf0:arm64.
#7 0.939 Preparing to unpack .../libbpf0_0.5.0-1ubuntu22.04.1_arm64.deb ...
#7 0.963 Unpacking libbpf0:arm64 (1:0.5.0-1ubuntu22.04.1) ...
#7 1.061 Preparing to unpack .../libcap2-bin_2.44-1ubuntu0.22.04.3_arm64.deb ...
#7 1.091 Unpacking libcap2-bin (1:2.44-1ubuntu0.22.04.3) over (1:2.44-1ubuntu0.22.04.3) ...
#7 1.232 Selecting previously unselected package libmnl0:arm64.
#7 1.243 Preparing to unpack .../libmnl0_1.0.4-3build2_arm64.deb ...
#7 1.254 Unpacking libmnl0:arm64 (1.0.4-3build2) ...
#7 1.350 Selecting previously unselected package libxtables12:arm64.
#7 1.359 Preparing to unpack .../libxtables12_1.8.7-1ubuntu5.2_arm64.deb ...
#7 1.370 Unpacking libxtables12:arm64 (1.8.7-1ubuntu5.2) ...
#7 1.424 Setting up libbpf0:arm64 (1:0.5.0-1ubuntu22.04.1) ...
#7 1.454 Setting up libcap2-bin (1:2.44-1ubuntu0.22.04.3) ...
#7 1.482 Setting up libmnl0:arm64 (1.0.4-3build2) ...
#7 1.511 Setting up libxtables12:arm64 (1.8.7-1ubuntu5.2) ...
#7 1.539 Setting up iproute2 (5.15.0-1ubuntu2.2) ...
#7 1.883 debconf: unable to initialize frontend: Dialog
#7 1.883 debconf: (TERM is not set, so the dialog frontend is not usable.)
#7 1.883 debconf: falling back to frontend: Readline
#7 1.899 debconf: unable to initialize frontend: Readline
#7 1.899 debconf: (This frontend requires a controlling tty.)
#7 1.899 debconf: falling back to frontend: Teletype
#7 1.974 Processing triggers for libc-bin (2.35-0ubuntu3.13) ...
#7 2.382 ip utility, iproute2-5.15.0, libbpf 0.5.0
#7 DONE 2.5s

#8 exporting to image
#8 exporting layers
#8 exporting layers 0.8s done
#8 exporting manifest sha256:31470f5619ec4576f74696ae9f73682c14e27915e66a492630fc38b61a33dea4
#8 exporting manifest sha256:31470f5619ec4576f74696ae9f73682c14e27915e66a492630fc38b61a33dea4 0.0s done
#8 exporting config sha256:121feca87ea7cd0ffead807af1aecac9c8804fcdae98c6d1b79b62a812f06d39 0.0s done
#8 exporting attestation manifest sha256:71962f98d5ec7ad4a5318bc2e726280be6bd3d256dc0a3f55f191fe77e743bca 0.1s done
#8 exporting manifest list sha256:6870a9a201cba9dd3d7c74b3aeefa908ba33853366600fea858db1695bd73780
#8 exporting manifest list sha256:6870a9a201cba9dd3d7c74b3aeefa908ba33853366600fea858db1695bd73780 0.0s done
#8 naming to docker.io/library/powertrain-sw:ros done
#8 unpacking to docker.io/library/powertrain-sw:ros
#8 unpacking to docker.io/library/powertrain-sw:ros 0.2s done
#8 DONE 1.3s
