PASS: tx_race ok
PASS: mailbox_full ok
PASS: hal_add_failure ok
PASS: server_error ok
PASS: server_retry_failure ok
PASS: reinit_exclusion ok
PASS: startup ok
PASS: recovery_latch ok
PASS: clear_before_idle ok
PASS: telemetry_watchdog ok
PASS: unknown_watchdog ok
PASS: rtr_motion ok
PASS: short_motion ok
PASS: nonfinite_motion ok
PASS: valid_control ok
PASS: rtr_state_clear ok
PASS: short_state ok
PASS: watchdog_expiry ok
PASS: idle_watchdog ok
PASS: idle_retains_expiry ok
PASS: automatic_rearm ok
PASS: clear_during_recovery ok
PASS: irq_error_retained ok
PASS: baud_request_coalescing ok
PASS: persistent_recovery_failure ok
PASS: stop_error_recorded ok
FAIL: resume_heartbeat missing explicit patch2 heartbeat marker
FAIL: resume_healthy missing explicit patch2 heartbeat marker
FAIL: resume_retries missing explicit patch2 heartbeat marker
FAIL: resume_manual missing explicit patch2 heartbeat marker
FAIL: resume_manual_then_hal missing explicit patch2 heartbeat marker
FAIL: resume_hal_then_manual missing explicit patch2 heartbeat marker
FAIL: resume_manual_during_hal missing explicit patch2 heartbeat marker
FAIL: resume_manual_at_dispatch missing explicit patch2 heartbeat marker
FAIL: resume_manual_revokes missing explicit patch2 heartbeat marker
FAIL: resume_reinit_revokes missing explicit patch2 heartbeat marker
FAIL: resume_estop_before missing explicit patch2 heartbeat marker
FAIL: resume_estop_after missing explicit patch2 heartbeat marker
FAIL: resume_clear missing explicit patch2 heartbeat marker
FAIL: resume_early_clear missing explicit patch2 heartbeat marker
FAIL: resume_direct_latch missing explicit patch2 heartbeat marker
FAIL: resume_pending_idle missing explicit patch2 heartbeat marker
FAIL: resume_axis_error missing explicit patch2 heartbeat marker
FAIL: resume_motor_error missing explicit patch2 heartbeat marker
FAIL: resume_encoder_error missing explicit patch2 heartbeat marker
FAIL: resume_controller_error missing explicit patch2 heartbeat marker
FAIL: resume_sensorless_error missing explicit patch2 heartbeat marker
FAIL: resume_generation_wrap missing explicit patch2 heartbeat marker
FAIL: resume_reboot_defaults missing explicit patch2 heartbeat marker
FAIL: resume_invalid_baud missing explicit patch2 heartbeat marker
FAIL: resume_patch_identity patch2 identity missing
26 passed, 25 failed; PATCHED=True; source execution only
