PASS: tx_race ok
PASS: mailbox_full ok
PASS: hal_add_failure ok
PASS: server_error ok
PASS: server_retry_failure ok
PASS: reinit_exclusion ok
PASS: startup ok
PASS: recovery_latch ok
PASS: clear_before_idle ok
PASS: telemetry_watchdog ok
PASS: unknown_watchdog ok
PASS: rtr_motion ok
PASS: short_motion ok
PASS: nonfinite_motion ok
PASS: valid_control ok
PASS: rtr_state_clear ok
PASS: short_state ok
PASS: watchdog_expiry ok
PASS: idle_watchdog ok
PASS: idle_retains_expiry ok
PASS: automatic_rearm ok
PASS: clear_during_recovery ok
PASS: irq_error_retained ok
PASS: baud_request_coalescing ok
PASS: persistent_recovery_failure ok
PASS: stop_error_recorded ok
PASS: resume_heartbeat ok
PASS: resume_healthy ok
PASS: resume_retries ok
PASS: resume_manual ok
PASS: resume_manual_then_hal ok
PASS: resume_hal_then_manual ok
PASS: resume_manual_during_hal ok
PASS: resume_manual_at_dispatch ok
PASS: resume_manual_revokes ok
PASS: resume_reinit_revokes ok
PASS: resume_estop_before ok
PASS: resume_estop_after ok
PASS: resume_clear ok
PASS: resume_early_clear ok
PASS: resume_direct_latch ok
PASS: resume_pending_idle ok
PASS: resume_axis_error ok
PASS: resume_motor_error ok
PASS: resume_encoder_error ok
PASS: resume_controller_error ok
PASS: resume_sensorless_error ok
PASS: resume_generation_wrap ok
PASS: resume_reboot_defaults ok
PASS: resume_invalid_baud ok
PASS: resume_patch_identity ok
PASS: guard_resume_success ok
PASS: guard_resume_generation ok
FAIL: guard_resume_new_axis_error rejected resume mutated fault/provenance
PASS: guard_resume_estop ok
PASS: guard_resume_manual_reinit ok
PASS: guard_resume_pending_hal ok
PASS: guard_resume_hal_error ok
PASS: guard_resume_reinitializing ok
PASS: guard_resume_progress ok
PASS: guard_resume_nonidle ok
PASS: guard_resume_pending_arm ok
PASS: guard_resume_motor_error ok
PASS: guard_resume_encoder_error ok
PASS: guard_resume_controller_error ok
PASS: guard_resume_sensorless_error ok
PASS: guard_resume_not_latched ok
PASS: guard_resume_ineligible ok
PASS: guard_resume_external_clear ok
PASS: guard_resume_wrong_magic ok
PASS: guard_resume_reserved ok
PASS: guard_resume_wrong_state ok
PASS: guard_resume_invalid_frame ok
PASS: guard_resume_pending_idle ok
PASS: guard_resume_atomic ok
PASS: guard_resume_replay_after_fault ok
PASS: guard_resume_late_fault ok
PASS: guard_manual_zero ok
PASS: guard_manual_empty ok
PASS: guard_clear_nonzero ok
PASS: guard_clear_old_cas ok
PASS: guard_resume_reserved_eligible ok
PASS: guard_resume_new_generation ok
PASS: guard_resume_no_can ok
PASS: guard_manual_state4 ok
PASS: guard_manual_state8 ok
85 passed, 1 failed; PATCHED=True; source execution only
